21:38:39 **** Build of project mblaze_led_pmod_bsp ****
make -k all 
"Running Make include in microblaze_0/libsrc/bram_v4_2/src"
make -C microblaze_0/libsrc/bram_v4_2/src -s include  "SHELL=CMD" "COMPILER=mb-gcc" "ARCHIVER=mb-ar" "COMPILER_FLAGS=  -O2 -c -mcpu=v11.0 -mlittle-endian -mxl-soft-mul" "EXTRA_COMPILER_FLAGS=-ffunction-sections -fdata-sections -Wall -Wextra"
"Running Make include in microblaze_0/libsrc/cpu_v2_8/src"
make -C microblaze_0/libsrc/cpu_v2_8/src -s include  "SHELL=CMD" "COMPILER=mb-gcc" "ARCHIVER=mb-ar" "COMPILER_FLAGS=  -O2 -c -mcpu=v11.0 -mlittle-endian -mxl-soft-mul" "EXTRA_COMPILER_FLAGS=-ffunction-sections -fdata-sections -Wall -Wextra"
"Running Make include in microblaze_0/libsrc/PmodGPIO_v1_0/src"
make -C microblaze_0/libsrc/PmodGPIO_v1_0/src -s include  "SHELL=CMD" "COMPILER=mb-gcc" "ARCHIVER=mb-ar" "COMPILER_FLAGS=  -O2 -c -mcpu=v11.0 -mlittle-endian -mxl-soft-mul" "EXTRA_COMPILER_FLAGS=-ffunction-sections -fdata-sections -Wall -Wextra"
"Running Make include in microblaze_0/libsrc/standalone_v6_8/src"
make -C microblaze_0/libsrc/standalone_v6_8/src -s include  "SHELL=CMD" "COMPILER=mb-gcc" "ARCHIVER=mb-ar" "COMPILER_FLAGS=  -O2 -c -mcpu=v11.0 -mlittle-endian -mxl-soft-mul" "EXTRA_COMPILER_FLAGS=-ffunction-sections -fdata-sections -Wall -Wextra"
"Running Make libs in microblaze_0/libsrc/bram_v4_2/src"
make -C microblaze_0/libsrc/bram_v4_2/src -s libs  "SHELL=CMD" "COMPILER=mb-gcc" "ARCHIVER=mb-ar" "COMPILER_FLAGS=  -O2 -c -mcpu=v11.0 -mlittle-endian -mxl-soft-mul" "EXTRA_COMPILER_FLAGS=-ffunction-sections -fdata-sections -Wall -Wextra"
"Compiling bram"
mb-ar: creating ../../../lib/libxil.a
"Running Make libs in microblaze_0/libsrc/cpu_v2_8/src"
make -C microblaze_0/libsrc/cpu_v2_8/src -s libs  "SHELL=CMD" "COMPILER=mb-gcc" "ARCHIVER=mb-ar" "COMPILER_FLAGS=  -O2 -c -mcpu=v11.0 -mlittle-endian -mxl-soft-mul" "EXTRA_COMPILER_FLAGS=-ffunction-sections -fdata-sections -Wall -Wextra"
"Compiling cpu"
"Running Make libs in microblaze_0/libsrc/PmodGPIO_v1_0/src"
make -C microblaze_0/libsrc/PmodGPIO_v1_0/src -s libs  "SHELL=CMD" "COMPILER=mb-gcc" "ARCHIVER=mb-ar" "COMPILER_FLAGS=  -O2 -c -mcpu=v11.0 -mlittle-endian -mxl-soft-mul" "EXTRA_COMPILER_FLAGS=-ffunction-sections -fdata-sections -Wall -Wextra"
"Compiling PmodGPIO..."
"Running Make libs in microblaze_0/libsrc/standalone_v6_8/src"
make -C microblaze_0/libsrc/standalone_v6_8/src -s libs  "SHELL=CMD" "COMPILER=mb-gcc" "ARCHIVER=mb-ar" "COMPILER_FLAGS=  -O2 -c -mcpu=v11.0 -mlittle-endian -mxl-soft-mul" "EXTRA_COMPILER_FLAGS=-ffunction-sections -fdata-sections -Wall -Wextra"
"Compiling standalone";
inbyte.c: In function 'inbyte':
inbyte.c:11:1: warning: control reaches end of non-void function [-Wreturn-type]
 }
 ^
outbyte.c: In function 'outbyte':
outbyte.c:11:19: warning: unused parameter 'c' [-Wunused-parameter]
 void outbyte(char c) {
                   ^
microblaze_sleep.c:77:9: note: #pragma message: For the sleep routines, assembly instructions are used
 #pragma message ("For the sleep routines, assembly instructions are used")
         ^~~~~~~
'Finished building libraries'

**** Build of configuration Debug for project mblaze_led_pmod ****

Nothing to build for project mblaze_led_pmod
21:39:44 **** Auto Build of configuration Debug for project mblaze_led_pmod ****
make all 
'Building file: ../src/main.c'
'Invoking: MicroBlaze gcc compiler'
mb-gcc -Wall -O0 -g3 -c -fmessage-length=0 -MT"src/main.o" -I../../mblaze_led_pmod_bsp/microblaze_0/include -mlittle-endian -mcpu=v11.0 -mxl-soft-mul -Wl,--no-relax -ffunction-sections -fdata-sections -MMD -MP -MF"src/main.d" -MT"src/main.o" -o "src/main.o" "../src/main.c"
'Finished building: ../src/main.c'
' '
'Building target: mblaze_led_pmod.elf'
'Invoking: MicroBlaze gcc linker'
mb-gcc -Wl,-T -Wl,../src/lscript.ld -L../../mblaze_led_pmod_bsp/microblaze_0/lib -mlittle-endian -mcpu=v11.0 -mxl-soft-mul -Wl,--no-relax -Wl,--gc-sections -o "mblaze_led_pmod.elf"  ./src/main.o   -Wl,--start-group,-lxil,-lgcc,-lc,--end-group
c:/xilinx/sdk/2018.3/gnu/microblaze/nt/bin/../lib/gcc/microblaze-xilinx-elf/7.3.1/../../../../microblaze-xilinx-elf/lib/le/crtinit.o: In function `_crtinit':
(.text+0x78): undefined reference to `main'
collect2.exe: error: ld returned 1 exit status
make: *** [makefile:38: mblaze_led_pmod.elf] Error 1
21:41:13 **** Incremental Build of configuration Debug for project mblaze_led_pmod ****
make all 
'Building target: mblaze_led_pmod.elf'
'Invoking: MicroBlaze gcc linker'
mb-gcc -Wl,-T -Wl,../src/lscript.ld -L../../mblaze_led_pmod_bsp/microblaze_0/lib -mlittle-endian -mcpu=v11.0 -mxl-soft-mul -Wl,--no-relax -Wl,--gc-sections -o "mblaze_led_pmod.elf"  ./src/main.o   -Wl,--start-group,-lxil,-lgcc,-lc,--end-group
c:/xilinx/sdk/2018.3/gnu/microblaze/nt/bin/../lib/gcc/microblaze-xilinx-elf/7.3.1/../../../../microblaze-xilinx-elf/lib/le/crtinit.o: In function `_crtinit':
(.text+0x78): undefined reference to `main'
collect2.exe: error: ld returned 1 exit status
make: *** [makefile:38: mblaze_led_pmod.elf] Error 1
21:41:47 **** Incremental Build of configuration Debug for project mblaze_led_pmod ****
make all 
'Building target: mblaze_led_pmod.elf'
'Invoking: MicroBlaze gcc linker'
mb-gcc -Wl,-T -Wl,../src/lscript.ld -L../../mblaze_led_pmod_bsp/microblaze_0/lib -mlittle-endian -mcpu=v11.0 -mxl-soft-mul -Wl,--no-relax -Wl,--gc-sections -o "mblaze_led_pmod.elf"  ./src/main.o   -Wl,--start-group,-lxil,-lgcc,-lc,--end-group
c:/xilinx/sdk/2018.3/gnu/microblaze/nt/bin/../lib/gcc/microblaze-xilinx-elf/7.3.1/../../../../microblaze-xilinx-elf/lib/le/crtinit.o: In function `_crtinit':
(.text+0x78): undefined reference to `main'
collect2.exe: error: ld returned 1 exit status
make: *** [makefile:38: mblaze_led_pmod.elf] Error 1
21:42:14 **** Auto Build of configuration Debug for project mblaze_led_pmod ****
make all 
'Building file: ../src/main.c'
'Invoking: MicroBlaze gcc compiler'
mb-gcc -Wall -O0 -g3 -c -fmessage-length=0 -MT"src/main.o" -I../../mblaze_led_pmod_bsp/microblaze_0/include -mlittle-endian -mcpu=v11.0 -mxl-soft-mul -Wl,--no-relax -ffunction-sections -fdata-sections -MMD -MP -MF"src/main.d" -MT"src/main.o" -o "src/main.o" "../src/main.c"
'Finished building: ../src/main.c'
' '
'Building target: mblaze_led_pmod.elf'
'Invoking: MicroBlaze gcc linker'
mb-gcc -Wl,-T -Wl,../src/lscript.ld -L../../mblaze_led_pmod_bsp/microblaze_0/lib -mlittle-endian -mcpu=v11.0 -mxl-soft-mul -Wl,--no-relax -Wl,--gc-sections -o "mblaze_led_pmod.elf"  ./src/main.o   -Wl,--start-group,-lxil,-lgcc,-lc,--end-group
'Finished building target: mblaze_led_pmod.elf'
' '
'Invoking: MicroBlaze Print Size'
mb-size mblaze_led_pmod.elf  |tee "mblaze_led_pmod.elf.size"
   text	   data	    bss	    dec	    hex	filename
   5576	    272	   3112	   8960	   2300	mblaze_led_pmod.elf
'Finished building: mblaze_led_pmod.elf.size'
' '
21:43:42 **** Incremental Build of configuration Debug for project mblaze_led_pmod ****
make all 
make: Nothing to be done for 'all'.
21:43:42 **** Auto Build of configuration Debug for project mblaze_led_pmod ****
make all 
make: Nothing to be done for 'all'.
21:45:22 **** Auto Build of configuration Debug for project mblaze_led_pmod ****
make all 
'Building file: ../src/main.c'
'Invoking: MicroBlaze gcc compiler'
mb-gcc -Wall -O0 -g3 -c -fmessage-length=0 -MT"src/main.o" -I../../mblaze_led_pmod_bsp/microblaze_0/include -mlittle-endian -mcpu=v11.0 -mxl-soft-mul -Wl,--no-relax -ffunction-sections -fdata-sections -MMD -MP -MF"src/main.d" -MT"src/main.o" -o "src/main.o" "../src/main.c"
'Finished building: ../src/main.c'
' '
'Building target: mblaze_led_pmod.elf'
'Invoking: MicroBlaze gcc linker'
mb-gcc -Wl,-T -Wl,../src/lscript.ld -L../../mblaze_led_pmod_bsp/microblaze_0/lib -mlittle-endian -mcpu=v11.0 -mxl-soft-mul -Wl,--no-relax -Wl,--gc-sections -o "mblaze_led_pmod.elf"  ./src/main.o   -Wl,--start-group,-lxil,-lgcc,-lc,--end-group
'Finished building target: mblaze_led_pmod.elf'
' '
'Invoking: MicroBlaze Print Size'
mb-size mblaze_led_pmod.elf  |tee "mblaze_led_pmod.elf.size"
   text	   data	    bss	    dec	    hex	filename
   5576	    272	   3112	   8960	   2300	mblaze_led_pmod.elf
'Finished building: mblaze_led_pmod.elf.size'
' '
21:46:30 **** Auto Build of configuration Debug for project mblaze_led_pmod ****
make all 
'Building file: ../src/main.c'
'Invoking: MicroBlaze gcc compiler'
mb-gcc -Wall -O0 -g3 -c -fmessage-length=0 -MT"src/main.o" -I../../mblaze_led_pmod_bsp/microblaze_0/include -mlittle-endian -mcpu=v11.0 -mxl-soft-mul -Wl,--no-relax -ffunction-sections -fdata-sections -MMD -MP -MF"src/main.d" -MT"src/main.o" -o "src/main.o" "../src/main.c"
'Finished building: ../src/main.c'
' '
'Building target: mblaze_led_pmod.elf'
'Invoking: MicroBlaze gcc linker'
mb-gcc -Wl,-T -Wl,../src/lscript.ld -L../../mblaze_led_pmod_bsp/microblaze_0/lib -mlittle-endian -mcpu=v11.0 -mxl-soft-mul -Wl,--no-relax -Wl,--gc-sections -o "mblaze_led_pmod.elf"  ./src/main.o   -Wl,--start-group,-lxil,-lgcc,-lc,--end-group
'Finished building target: mblaze_led_pmod.elf'
' '
'Invoking: MicroBlaze Print Size'
mb-size mblaze_led_pmod.elf  |tee "mblaze_led_pmod.elf.size"
   text	   data	    bss	    dec	    hex	filename
   5192	    272	   3112	   8576	   2180	mblaze_led_pmod.elf
'Finished building: mblaze_led_pmod.elf.size'
' '
21:47:30 **** Auto Build of configuration Debug for project mblaze_led_pmod ****
make all 
'Building file: ../src/main.c'
'Invoking: MicroBlaze gcc compiler'
mb-gcc -Wall -O0 -g3 -c -fmessage-length=0 -MT"src/main.o" -I../../mblaze_led_pmod_bsp/microblaze_0/include -mlittle-endian -mcpu=v11.0 -mxl-soft-mul -Wl,--no-relax -ffunction-sections -fdata-sections -MMD -MP -MF"src/main.d" -MT"src/main.o" -o "src/main.o" "../src/main.c"
'Finished building: ../src/main.c'
' '
'Building target: mblaze_led_pmod.elf'
'Invoking: MicroBlaze gcc linker'
mb-gcc -Wl,-T -Wl,../src/lscript.ld -L../../mblaze_led_pmod_bsp/microblaze_0/lib -mlittle-endian -mcpu=v11.0 -mxl-soft-mul -Wl,--no-relax -Wl,--gc-sections -o "mblaze_led_pmod.elf"  ./src/main.o   -Wl,--start-group,-lxil,-lgcc,-lc,--end-group
'Finished building target: mblaze_led_pmod.elf'
' '
'Invoking: MicroBlaze Print Size'
mb-size mblaze_led_pmod.elf  |tee "mblaze_led_pmod.elf.size"
   text	   data	    bss	    dec	    hex	filename
   5192	    272	   3112	   8576	   2180	mblaze_led_pmod.elf
'Finished building: mblaze_led_pmod.elf.size'
' '
21:47:39 **** Auto Build of configuration Debug for project mblaze_led_pmod ****
make all 
'Building file: ../src/main.c'
'Invoking: MicroBlaze gcc compiler'
mb-gcc -Wall -O0 -g3 -c -fmessage-length=0 -MT"src/main.o" -I../../mblaze_led_pmod_bsp/microblaze_0/include -mlittle-endian -mcpu=v11.0 -mxl-soft-mul -Wl,--no-relax -ffunction-sections -fdata-sections -MMD -MP -MF"src/main.d" -MT"src/main.o" -o "src/main.o" "../src/main.c"
'Finished building: ../src/main.c'
' '
'Building target: mblaze_led_pmod.elf'
'Invoking: MicroBlaze gcc linker'
mb-gcc -Wl,-T -Wl,../src/lscript.ld -L../../mblaze_led_pmod_bsp/microblaze_0/lib -mlittle-endian -mcpu=v11.0 -mxl-soft-mul -Wl,--no-relax -Wl,--gc-sections -o "mblaze_led_pmod.elf"  ./src/main.o   -Wl,--start-group,-lxil,-lgcc,-lc,--end-group
'Finished building target: mblaze_led_pmod.elf'
' '
'Invoking: MicroBlaze Print Size'
mb-size mblaze_led_pmod.elf  |tee "mblaze_led_pmod.elf.size"
   text	   data	    bss	    dec	    hex	filename
   5192	    272	   3112	   8576	   2180	mblaze_led_pmod.elf
'Finished building: mblaze_led_pmod.elf.size'
' '
21:48:05 **** Auto Build of configuration Debug for project mblaze_led_pmod ****
make all 
'Building file: ../src/main.c'
'Invoking: MicroBlaze gcc compiler'
mb-gcc -Wall -O0 -g3 -c -fmessage-length=0 -MT"src/main.o" -I../../mblaze_led_pmod_bsp/microblaze_0/include -mlittle-endian -mcpu=v11.0 -mxl-soft-mul -Wl,--no-relax -ffunction-sections -fdata-sections -MMD -MP -MF"src/main.d" -MT"src/main.o" -o "src/main.o" "../src/main.c"
'Finished building: ../src/main.c'
' '
'Building target: mblaze_led_pmod.elf'
'Invoking: MicroBlaze gcc linker'
mb-gcc -Wl,-T -Wl,../src/lscript.ld -L../../mblaze_led_pmod_bsp/microblaze_0/lib -mlittle-endian -mcpu=v11.0 -mxl-soft-mul -Wl,--no-relax -Wl,--gc-sections -o "mblaze_led_pmod.elf"  ./src/main.o   -Wl,--start-group,-lxil,-lgcc,-lc,--end-group
'Finished building target: mblaze_led_pmod.elf'
' '
'Invoking: MicroBlaze Print Size'
mb-size mblaze_led_pmod.elf  |tee "mblaze_led_pmod.elf.size"
   text	   data	    bss	    dec	    hex	filename
   5204	    272	   3124	   8600	   2198	mblaze_led_pmod.elf
'Finished building: mblaze_led_pmod.elf.size'
' '
21:48:13 **** Auto Build of configuration Debug for project mblaze_led_pmod ****
make all 
'Building file: ../src/main.c'
'Invoking: MicroBlaze gcc compiler'
mb-gcc -Wall -O0 -g3 -c -fmessage-length=0 -MT"src/main.o" -I../../mblaze_led_pmod_bsp/microblaze_0/include -mlittle-endian -mcpu=v11.0 -mxl-soft-mul -Wl,--no-relax -ffunction-sections -fdata-sections -MMD -MP -MF"src/main.d" -MT"src/main.o" -o "src/main.o" "../src/main.c"
'Finished building: ../src/main.c'
' '
'Building target: mblaze_led_pmod.elf'
'Invoking: MicroBlaze gcc linker'
mb-gcc -Wl,-T -Wl,../src/lscript.ld -L../../mblaze_led_pmod_bsp/microblaze_0/lib -mlittle-endian -mcpu=v11.0 -mxl-soft-mul -Wl,--no-relax -Wl,--gc-sections -o "mblaze_led_pmod.elf"  ./src/main.o   -Wl,--start-group,-lxil,-lgcc,-lc,--end-group
'Finished building target: mblaze_led_pmod.elf'
' '
'Invoking: MicroBlaze Print Size'
mb-size mblaze_led_pmod.elf  |tee "mblaze_led_pmod.elf.size"
   text	   data	    bss	    dec	    hex	filename
   5204	    272	   3124	   8600	   2198	mblaze_led_pmod.elf
'Finished building: mblaze_led_pmod.elf.size'
' '
21:49:37 **** Auto Build of configuration Debug for project mblaze_led_pmod ****
make all 
'Building file: ../src/main.c'
'Invoking: MicroBlaze gcc compiler'
mb-gcc -Wall -O0 -g3 -c -fmessage-length=0 -MT"src/main.o" -I../../mblaze_led_pmod_bsp/microblaze_0/include -mlittle-endian -mcpu=v11.0 -mxl-soft-mul -Wl,--no-relax -ffunction-sections -fdata-sections -MMD -MP -MF"src/main.d" -MT"src/main.o" -o "src/main.o" "../src/main.c"
../src/main.c: In function 'DemoRun':
../src/main.c:86:10: error: label at end of compound statement
     case LED_PATTERN_FWD:
          ^~~~~~~~~~~~~~~
../src/main.c:85:5: warning: enumeration value 'LED_PATTERN_REV' not handled in switch [-Wswitch]
     switch(pattern) {
     ^~~~~~
../src/main.c:85:5: warning: enumeration value 'LED_PATTERN_BLINK_ALL' not handled in switch [-Wswitch]
../src/main.c:85:5: warning: enumeration value 'LED_PATTERN_MAX' not handled in switch [-Wswitch]
../src/main.c:81:11: warning: unused variable 'led_pattern_runner' [-Wunused-variable]
    void (*led_pattern_runner[LED_PATTERN_MAX])(void);
           ^~~~~~~~~~~~~~~~~~
../src/main.c: At top level:
../src/main.c:59:13: warning: 'led_pattern_forward' declared 'static' but never defined [-Wunused-function]
 static void led_pattern_forward(void);
             ^~~~~~~~~~~~~~~~~~~
../src/main.c:60:13: warning: 'led_pattern_reverse' declared 'static' but never defined [-Wunused-function]
 static void led_pattern_reverse(void);
             ^~~~~~~~~~~~~~~~~~~
../src/main.c:61:13: warning: 'led_pattern_blink_all' declared 'static' but never defined [-Wunused-function]
 static void led_pattern_blink_all(void);
             ^~~~~~~~~~~~~~~~~~~~~
make: *** [src/subdir.mk:23: src/main.o] Error 1
21:49:57 **** Auto Build of configuration Debug for project mblaze_led_pmod ****
make all 
'Building file: ../src/main.c'
'Invoking: MicroBlaze gcc compiler'
mb-gcc -Wall -O0 -g3 -c -fmessage-length=0 -MT"src/main.o" -I../../mblaze_led_pmod_bsp/microblaze_0/include -mlittle-endian -mcpu=v11.0 -mxl-soft-mul -Wl,--no-relax -ffunction-sections -fdata-sections -MMD -MP -MF"src/main.d" -MT"src/main.o" -o "src/main.o" "../src/main.c"
../src/main.c: In function 'DemoRun':
../src/main.c:90:10: error: label at end of compound statement
     case LED_PATTERN_FWD:
          ^~~~~~~~~~~~~~~
../src/main.c:89:5: warning: enumeration value 'LED_PATTERN_REV' not handled in switch [-Wswitch]
     switch(pattern) {
     ^~~~~~
../src/main.c:89:5: warning: enumeration value 'LED_PATTERN_BLINK_ALL' not handled in switch [-Wswitch]
../src/main.c:89:5: warning: enumeration value 'LED_PATTERN_MAX' not handled in switch [-Wswitch]
../src/main.c:81:11: warning: unused variable 'led_pattern_runner' [-Wunused-variable]
    void (*led_pattern_runner[LED_PATTERN_MAX])(void) = {
           ^~~~~~~~~~~~~~~~~~
../src/main.c: At top level:
../src/main.c:59:13: warning: 'led_pattern_forward' used but never defined
 static void led_pattern_forward(void);
             ^~~~~~~~~~~~~~~~~~~
../src/main.c:60:13: warning: 'led_pattern_reverse' used but never defined
 static void led_pattern_reverse(void);
             ^~~~~~~~~~~~~~~~~~~
../src/main.c:61:13: warning: 'led_pattern_blink_all' used but never defined
 static void led_pattern_blink_all(void);
             ^~~~~~~~~~~~~~~~~~~~~
make: *** [src/subdir.mk:23: src/main.o] Error 1
21:50:15 **** Auto Build of configuration Debug for project mblaze_led_pmod ****
make all 
'Building file: ../src/main.c'
'Invoking: MicroBlaze gcc compiler'
mb-gcc -Wall -O0 -g3 -c -fmessage-length=0 -MT"src/main.o" -I../../mblaze_led_pmod_bsp/microblaze_0/include -mlittle-endian -mcpu=v11.0 -mxl-soft-mul -Wl,--no-relax -ffunction-sections -fdata-sections -MMD -MP -MF"src/main.d" -MT"src/main.o" -o "src/main.o" "../src/main.c"
../src/main.c:59:13: warning: 'led_pattern_forward' used but never defined
 static void led_pattern_forward(void);
             ^~~~~~~~~~~~~~~~~~~
../src/main.c:60:13: warning: 'led_pattern_reverse' used but never defined
 static void led_pattern_reverse(void);
             ^~~~~~~~~~~~~~~~~~~
../src/main.c:61:13: warning: 'led_pattern_blink_all' used but never defined
 static void led_pattern_blink_all(void);
             ^~~~~~~~~~~~~~~~~~~~~
'Finished building: ../src/main.c'
' '
'Building target: mblaze_led_pmod.elf'
'Invoking: MicroBlaze gcc linker'
mb-gcc -Wl,-T -Wl,../src/lscript.ld -L../../mblaze_led_pmod_bsp/microblaze_0/lib -mlittle-endian -mcpu=v11.0 -mxl-soft-mul -Wl,--no-relax -Wl,--gc-sections -o "mblaze_led_pmod.elf"  ./src/main.o   -Wl,--start-group,-lxil,-lgcc,-lc,--end-group
./src/main.o:(.rodata+0x14): undefined reference to `led_pattern_forward'
./src/main.o:(.rodata+0x18): undefined reference to `led_pattern_reverse'
./src/main.o:(.rodata+0x1c): undefined reference to `led_pattern_blink_all'
collect2.exe: error: ld returned 1 exit status
make: *** [makefile:38: mblaze_led_pmod.elf] Error 1
21:51:14 **** Auto Build of configuration Debug for project mblaze_led_pmod ****
make all 
'Building file: ../src/main.c'
'Invoking: MicroBlaze gcc compiler'
mb-gcc -Wall -O0 -g3 -c -fmessage-length=0 -MT"src/main.o" -I../../mblaze_led_pmod_bsp/microblaze_0/include -mlittle-endian -mcpu=v11.0 -mxl-soft-mul -Wl,--no-relax -ffunction-sections -fdata-sections -MMD -MP -MF"src/main.d" -MT"src/main.o" -o "src/main.o" "../src/main.c"
'Finished building: ../src/main.c'
' '
'Building target: mblaze_led_pmod.elf'
'Invoking: MicroBlaze gcc linker'
mb-gcc -Wl,-T -Wl,../src/lscript.ld -L../../mblaze_led_pmod_bsp/microblaze_0/lib -mlittle-endian -mcpu=v11.0 -mxl-soft-mul -Wl,--no-relax -Wl,--gc-sections -o "mblaze_led_pmod.elf"  ./src/main.o   -Wl,--start-group,-lxil,-lgcc,-lc,--end-group
'Finished building target: mblaze_led_pmod.elf'
' '
'Invoking: MicroBlaze Print Size'
mb-size mblaze_led_pmod.elf  |tee "mblaze_led_pmod.elf.size"
   text	   data	    bss	    dec	    hex	filename
   5620	    272	   3124	   9016	   2338	mblaze_led_pmod.elf
'Finished building: mblaze_led_pmod.elf.size'
' '
21:51:47 **** Auto Build of configuration Debug for project mblaze_led_pmod ****
make all 
'Building file: ../src/main.c'
'Invoking: MicroBlaze gcc compiler'
mb-gcc -Wall -O0 -g3 -c -fmessage-length=0 -MT"src/main.o" -I../../mblaze_led_pmod_bsp/microblaze_0/include -mlittle-endian -mcpu=v11.0 -mxl-soft-mul -Wl,--no-relax -ffunction-sections -fdata-sections -MMD -MP -MF"src/main.d" -MT"src/main.o" -o "src/main.o" "../src/main.c"
../src/main.c: In function 'led_pattern_forward':
../src/main.c:73:31: error: 'count' undeclared (first use in this function)
        GPIO_setPin(&myDevice, count, 1);
                               ^~~~~
../src/main.c:73:31: note: each undeclared identifier is reported only once for each function it appears in
make: *** [src/subdir.mk:23: src/main.o] Error 1
21:51:55 **** Auto Build of configuration Debug for project mblaze_led_pmod ****
make all 
'Building file: ../src/main.c'
'Invoking: MicroBlaze gcc compiler'
mb-gcc -Wall -O0 -g3 -c -fmessage-length=0 -MT"src/main.o" -I../../mblaze_led_pmod_bsp/microblaze_0/include -mlittle-endian -mcpu=v11.0 -mxl-soft-mul -Wl,--no-relax -ffunction-sections -fdata-sections -MMD -MP -MF"src/main.d" -MT"src/main.o" -o "src/main.o" "../src/main.c"
'Finished building: ../src/main.c'
' '
'Building target: mblaze_led_pmod.elf'
'Invoking: MicroBlaze gcc linker'
mb-gcc -Wl,-T -Wl,../src/lscript.ld -L../../mblaze_led_pmod_bsp/microblaze_0/lib -mlittle-endian -mcpu=v11.0 -mxl-soft-mul -Wl,--no-relax -Wl,--gc-sections -o "mblaze_led_pmod.elf"  ./src/main.o   -Wl,--start-group,-lxil,-lgcc,-lc,--end-group
'Finished building target: mblaze_led_pmod.elf'
' '
'Invoking: MicroBlaze Print Size'
mb-size mblaze_led_pmod.elf  |tee "mblaze_led_pmod.elf.size"
   text	   data	    bss	    dec	    hex	filename
   5772	    272	   3124	   9168	   23d0	mblaze_led_pmod.elf
'Finished building: mblaze_led_pmod.elf.size'
' '
21:52:03 **** Auto Build of configuration Debug for project mblaze_led_pmod ****
make all 
'Building file: ../src/main.c'
'Invoking: MicroBlaze gcc compiler'
mb-gcc -Wall -O0 -g3 -c -fmessage-length=0 -MT"src/main.o" -I../../mblaze_led_pmod_bsp/microblaze_0/include -mlittle-endian -mcpu=v11.0 -mxl-soft-mul -Wl,--no-relax -ffunction-sections -fdata-sections -MMD -MP -MF"src/main.d" -MT"src/main.o" -o "src/main.o" "../src/main.c"
'Finished building: ../src/main.c'
' '
'Building target: mblaze_led_pmod.elf'
'Invoking: MicroBlaze gcc linker'
mb-gcc -Wl,-T -Wl,../src/lscript.ld -L../../mblaze_led_pmod_bsp/microblaze_0/lib -mlittle-endian -mcpu=v11.0 -mxl-soft-mul -Wl,--no-relax -Wl,--gc-sections -o "mblaze_led_pmod.elf"  ./src/main.o   -Wl,--start-group,-lxil,-lgcc,-lc,--end-group
'Finished building target: mblaze_led_pmod.elf'
' '
'Invoking: MicroBlaze Print Size'
mb-size mblaze_led_pmod.elf  |tee "mblaze_led_pmod.elf.size"
   text	   data	    bss	    dec	    hex	filename
   5816	    272	   3120	   9208	   23f8	mblaze_led_pmod.elf
'Finished building: mblaze_led_pmod.elf.size'
' '
21:52:04 **** Auto Build of configuration Debug for project mblaze_led_pmod ****
make all 
'Building file: ../src/main.c'
'Invoking: MicroBlaze gcc compiler'
mb-gcc -Wall -O0 -g3 -c -fmessage-length=0 -MT"src/main.o" -I../../mblaze_led_pmod_bsp/microblaze_0/include -mlittle-endian -mcpu=v11.0 -mxl-soft-mul -Wl,--no-relax -ffunction-sections -fdata-sections -MMD -MP -MF"src/main.d" -MT"src/main.o" -o "src/main.o" "../src/main.c"
'Finished building: ../src/main.c'
' '
'Building target: mblaze_led_pmod.elf'
'Invoking: MicroBlaze gcc linker'
mb-gcc -Wl,-T -Wl,../src/lscript.ld -L../../mblaze_led_pmod_bsp/microblaze_0/lib -mlittle-endian -mcpu=v11.0 -mxl-soft-mul -Wl,--no-relax -Wl,--gc-sections -o "mblaze_led_pmod.elf"  ./src/main.o   -Wl,--start-group,-lxil,-lgcc,-lc,--end-group
'Finished building target: mblaze_led_pmod.elf'
' '
'Invoking: MicroBlaze Print Size'
mb-size mblaze_led_pmod.elf  |tee "mblaze_led_pmod.elf.size"
   text	   data	    bss	    dec	    hex	filename
   5816	    272	   3120	   9208	   23f8	mblaze_led_pmod.elf
'Finished building: mblaze_led_pmod.elf.size'
' '
21:52:29 **** Auto Build of configuration Debug for project mblaze_led_pmod ****
make all 
'Building file: ../src/main.c'
'Invoking: MicroBlaze gcc compiler'
mb-gcc -Wall -O0 -g3 -c -fmessage-length=0 -MT"src/main.o" -I../../mblaze_led_pmod_bsp/microblaze_0/include -mlittle-endian -mcpu=v11.0 -mxl-soft-mul -Wl,--no-relax -ffunction-sections -fdata-sections -MMD -MP -MF"src/main.d" -MT"src/main.o" -o "src/main.o" "../src/main.c"
'Finished building: ../src/main.c'
' '
'Building target: mblaze_led_pmod.elf'
'Invoking: MicroBlaze gcc linker'
mb-gcc -Wl,-T -Wl,../src/lscript.ld -L../../mblaze_led_pmod_bsp/microblaze_0/lib -mlittle-endian -mcpu=v11.0 -mxl-soft-mul -Wl,--no-relax -Wl,--gc-sections -o "mblaze_led_pmod.elf"  ./src/main.o   -Wl,--start-group,-lxil,-lgcc,-lc,--end-group
'Finished building target: mblaze_led_pmod.elf'
' '
'Invoking: MicroBlaze Print Size'
mb-size mblaze_led_pmod.elf  |tee "mblaze_led_pmod.elf.size"
   text	   data	    bss	    dec	    hex	filename
   5800	    272	   3120	   9192	   23e8	mblaze_led_pmod.elf
'Finished building: mblaze_led_pmod.elf.size'
' '
21:52:47 **** Auto Build of configuration Debug for project mblaze_led_pmod ****
make all 
'Building file: ../src/main.c'
'Invoking: MicroBlaze gcc compiler'
mb-gcc -Wall -O0 -g3 -c -fmessage-length=0 -MT"src/main.o" -I../../mblaze_led_pmod_bsp/microblaze_0/include -mlittle-endian -mcpu=v11.0 -mxl-soft-mul -Wl,--no-relax -ffunction-sections -fdata-sections -MMD -MP -MF"src/main.d" -MT"src/main.o" -o "src/main.o" "../src/main.c"
'Finished building: ../src/main.c'
' '
'Building target: mblaze_led_pmod.elf'
'Invoking: MicroBlaze gcc linker'
mb-gcc -Wl,-T -Wl,../src/lscript.ld -L../../mblaze_led_pmod_bsp/microblaze_0/lib -mlittle-endian -mcpu=v11.0 -mxl-soft-mul -Wl,--no-relax -Wl,--gc-sections -o "mblaze_led_pmod.elf"  ./src/main.o   -Wl,--start-group,-lxil,-lgcc,-lc,--end-group
'Finished building target: mblaze_led_pmod.elf'
' '
'Invoking: MicroBlaze Print Size'
mb-size mblaze_led_pmod.elf  |tee "mblaze_led_pmod.elf.size"
   text	   data	    bss	    dec	    hex	filename
   5896	    272	   3120	   9288	   2448	mblaze_led_pmod.elf
'Finished building: mblaze_led_pmod.elf.size'
' '
21:53:12 **** Auto Build of configuration Debug for project mblaze_led_pmod ****
make all 
'Building file: ../src/main.c'
'Invoking: MicroBlaze gcc compiler'
mb-gcc -Wall -O0 -g3 -c -fmessage-length=0 -MT"src/main.o" -I../../mblaze_led_pmod_bsp/microblaze_0/include -mlittle-endian -mcpu=v11.0 -mxl-soft-mul -Wl,--no-relax -ffunction-sections -fdata-sections -MMD -MP -MF"src/main.d" -MT"src/main.o" -o "src/main.o" "../src/main.c"
'Finished building: ../src/main.c'
' '
'Building target: mblaze_led_pmod.elf'
'Invoking: MicroBlaze gcc linker'
mb-gcc -Wl,-T -Wl,../src/lscript.ld -L../../mblaze_led_pmod_bsp/microblaze_0/lib -mlittle-endian -mcpu=v11.0 -mxl-soft-mul -Wl,--no-relax -Wl,--gc-sections -o "mblaze_led_pmod.elf"  ./src/main.o   -Wl,--start-group,-lxil,-lgcc,-lc,--end-group
'Finished building target: mblaze_led_pmod.elf'
' '
'Invoking: MicroBlaze Print Size'
mb-size mblaze_led_pmod.elf  |tee "mblaze_led_pmod.elf.size"
   text	   data	    bss	    dec	    hex	filename
   5896	    272	   3120	   9288	   2448	mblaze_led_pmod.elf
'Finished building: mblaze_led_pmod.elf.size'
' '
21:53:15 **** Auto Build of configuration Debug for project mblaze_led_pmod ****
make all 
'Building file: ../src/main.c'
'Invoking: MicroBlaze gcc compiler'
mb-gcc -Wall -O0 -g3 -c -fmessage-length=0 -MT"src/main.o" -I../../mblaze_led_pmod_bsp/microblaze_0/include -mlittle-endian -mcpu=v11.0 -mxl-soft-mul -Wl,--no-relax -ffunction-sections -fdata-sections -MMD -MP -MF"src/main.d" -MT"src/main.o" -o "src/main.o" "../src/main.c"
'Finished building: ../src/main.c'
' '
'Building target: mblaze_led_pmod.elf'
'Invoking: MicroBlaze gcc linker'
mb-gcc -Wl,-T -Wl,../src/lscript.ld -L../../mblaze_led_pmod_bsp/microblaze_0/lib -mlittle-endian -mcpu=v11.0 -mxl-soft-mul -Wl,--no-relax -Wl,--gc-sections -o "mblaze_led_pmod.elf"  ./src/main.o   -Wl,--start-group,-lxil,-lgcc,-lc,--end-group
'Finished building target: mblaze_led_pmod.elf'
' '
'Invoking: MicroBlaze Print Size'
mb-size mblaze_led_pmod.elf  |tee "mblaze_led_pmod.elf.size"
   text	   data	    bss	    dec	    hex	filename
   5896	    272	   3120	   9288	   2448	mblaze_led_pmod.elf
'Finished building: mblaze_led_pmod.elf.size'
' '
21:53:18 **** Auto Build of configuration Debug for project mblaze_led_pmod ****
make all 
'Building file: ../src/main.c'
'Invoking: MicroBlaze gcc compiler'
mb-gcc -Wall -O0 -g3 -c -fmessage-length=0 -MT"src/main.o" -I../../mblaze_led_pmod_bsp/microblaze_0/include -mlittle-endian -mcpu=v11.0 -mxl-soft-mul -Wl,--no-relax -ffunction-sections -fdata-sections -MMD -MP -MF"src/main.d" -MT"src/main.o" -o "src/main.o" "../src/main.c"
'Finished building: ../src/main.c'
' '
'Building target: mblaze_led_pmod.elf'
'Invoking: MicroBlaze gcc linker'
mb-gcc -Wl,-T -Wl,../src/lscript.ld -L../../mblaze_led_pmod_bsp/microblaze_0/lib -mlittle-endian -mcpu=v11.0 -mxl-soft-mul -Wl,--no-relax -Wl,--gc-sections -o "mblaze_led_pmod.elf"  ./src/main.o   -Wl,--start-group,-lxil,-lgcc,-lc,--end-group
'Finished building target: mblaze_led_pmod.elf'
' '
'Invoking: MicroBlaze Print Size'
mb-size mblaze_led_pmod.elf  |tee "mblaze_led_pmod.elf.size"
   text	   data	    bss	    dec	    hex	filename
   5896	    272	   3120	   9288	   2448	mblaze_led_pmod.elf
'Finished building: mblaze_led_pmod.elf.size'
' '
21:53:45 **** Auto Build of configuration Debug for project mblaze_led_pmod ****
make all 
'Building file: ../src/main.c'
'Invoking: MicroBlaze gcc compiler'
mb-gcc -Wall -O0 -g3 -c -fmessage-length=0 -MT"src/main.o" -I../../mblaze_led_pmod_bsp/microblaze_0/include -mlittle-endian -mcpu=v11.0 -mxl-soft-mul -Wl,--no-relax -ffunction-sections -fdata-sections -MMD -MP -MF"src/main.d" -MT"src/main.o" -o "src/main.o" "../src/main.c"
'Finished building: ../src/main.c'
' '
'Building target: mblaze_led_pmod.elf'
'Invoking: MicroBlaze gcc linker'
mb-gcc -Wl,-T -Wl,../src/lscript.ld -L../../mblaze_led_pmod_bsp/microblaze_0/lib -mlittle-endian -mcpu=v11.0 -mxl-soft-mul -Wl,--no-relax -Wl,--gc-sections -o "mblaze_led_pmod.elf"  ./src/main.o   -Wl,--start-group,-lxil,-lgcc,-lc,--end-group
'Finished building target: mblaze_led_pmod.elf'
' '
'Invoking: MicroBlaze Print Size'
mb-size mblaze_led_pmod.elf  |tee "mblaze_led_pmod.elf.size"
   text	   data	    bss	    dec	    hex	filename
   5980	    272	   3124	   9376	   24a0	mblaze_led_pmod.elf
'Finished building: mblaze_led_pmod.elf.size'
' '
21:53:54 **** Auto Build of configuration Debug for project mblaze_led_pmod ****
make all 
'Building file: ../src/main.c'
'Invoking: MicroBlaze gcc compiler'
mb-gcc -Wall -O0 -g3 -c -fmessage-length=0 -MT"src/main.o" -I../../mblaze_led_pmod_bsp/microblaze_0/include -mlittle-endian -mcpu=v11.0 -mxl-soft-mul -Wl,--no-relax -ffunction-sections -fdata-sections -MMD -MP -MF"src/main.d" -MT"src/main.o" -o "src/main.o" "../src/main.c"
'Finished building: ../src/main.c'
' '
'Building target: mblaze_led_pmod.elf'
'Invoking: MicroBlaze gcc linker'
mb-gcc -Wl,-T -Wl,../src/lscript.ld -L../../mblaze_led_pmod_bsp/microblaze_0/lib -mlittle-endian -mcpu=v11.0 -mxl-soft-mul -Wl,--no-relax -Wl,--gc-sections -o "mblaze_led_pmod.elf"  ./src/main.o   -Wl,--start-group,-lxil,-lgcc,-lc,--end-group
'Finished building target: mblaze_led_pmod.elf'
' '
'Invoking: MicroBlaze Print Size'
mb-size mblaze_led_pmod.elf  |tee "mblaze_led_pmod.elf.size"
   text	   data	    bss	    dec	    hex	filename
   5980	    272	   3124	   9376	   24a0	mblaze_led_pmod.elf
'Finished building: mblaze_led_pmod.elf.size'
' '
21:55:23 **** Auto Build of configuration Debug for project mblaze_led_pmod ****
make all 
'Building file: ../src/main.c'
'Invoking: MicroBlaze gcc compiler'
mb-gcc -Wall -O0 -g3 -c -fmessage-length=0 -MT"src/main.o" -I../../mblaze_led_pmod_bsp/microblaze_0/include -mlittle-endian -mcpu=v11.0 -mxl-soft-mul -Wl,--no-relax -ffunction-sections -fdata-sections -MMD -MP -MF"src/main.d" -MT"src/main.o" -o "src/main.o" "../src/main.c"
../src/main.c: In function 'led_pattern_reverse':
../src/main.c:95:6: error: redefinition of 'count'
  int count = 3;
      ^~~~~
../src/main.c:88:6: note: previous definition of 'count' was here
  int count = 3;
      ^~~~~
../src/main.c: In function 'DemoRun':
../src/main.c:124:8: warning: unused variable 'i' [-Wunused-variable]
    int i = 0;
        ^
../src/main.c:123:7: warning: unused variable 'count' [-Wunused-variable]
    u8 count = 0;
       ^~~~~
make: *** [src/subdir.mk:23: src/main.o] Error 1
21:55:27 **** Auto Build of configuration Debug for project mblaze_led_pmod ****
make all 
'Building file: ../src/main.c'
'Invoking: MicroBlaze gcc compiler'
mb-gcc -Wall -O0 -g3 -c -fmessage-length=0 -MT"src/main.o" -I../../mblaze_led_pmod_bsp/microblaze_0/include -mlittle-endian -mcpu=v11.0 -mxl-soft-mul -Wl,--no-relax -ffunction-sections -fdata-sections -MMD -MP -MF"src/main.d" -MT"src/main.o" -o "src/main.o" "../src/main.c"
../src/main.c: In function 'DemoRun':
../src/main.c:124:8: warning: unused variable 'i' [-Wunused-variable]
    int i = 0;
        ^
../src/main.c:123:7: warning: unused variable 'count' [-Wunused-variable]
    u8 count = 0;
       ^~~~~
'Finished building: ../src/main.c'
' '
'Building target: mblaze_led_pmod.elf'
'Invoking: MicroBlaze gcc linker'
mb-gcc -Wl,-T -Wl,../src/lscript.ld -L../../mblaze_led_pmod_bsp/microblaze_0/lib -mlittle-endian -mcpu=v11.0 -mxl-soft-mul -Wl,--no-relax -Wl,--gc-sections -o "mblaze_led_pmod.elf"  ./src/main.o   -Wl,--start-group,-lxil,-lgcc,-lc,--end-group
'Finished building target: mblaze_led_pmod.elf'
' '
'Invoking: MicroBlaze Print Size'
mb-size mblaze_led_pmod.elf  |tee "mblaze_led_pmod.elf.size"
   text	   data	    bss	    dec	    hex	filename
   6144	    272	   3120	   9536	   2540	mblaze_led_pmod.elf
'Finished building: mblaze_led_pmod.elf.size'
' '
21:55:59 **** Auto Build of configuration Debug for project mblaze_led_pmod ****
make all 
'Building file: ../src/main.c'
'Invoking: MicroBlaze gcc compiler'
mb-gcc -Wall -O0 -g3 -c -fmessage-length=0 -MT"src/main.o" -I../../mblaze_led_pmod_bsp/microblaze_0/include -mlittle-endian -mcpu=v11.0 -mxl-soft-mul -Wl,--no-relax -ffunction-sections -fdata-sections -MMD -MP -MF"src/main.d" -MT"src/main.o" -o "src/main.o" "../src/main.c"
'Finished building: ../src/main.c'
' '
'Building target: mblaze_led_pmod.elf'
'Invoking: MicroBlaze gcc linker'
mb-gcc -Wl,-T -Wl,../src/lscript.ld -L../../mblaze_led_pmod_bsp/microblaze_0/lib -mlittle-endian -mcpu=v11.0 -mxl-soft-mul -Wl,--no-relax -Wl,--gc-sections -o "mblaze_led_pmod.elf"  ./src/main.o   -Wl,--start-group,-lxil,-lgcc,-lc,--end-group
'Finished building target: mblaze_led_pmod.elf'
' '
'Invoking: MicroBlaze Print Size'
mb-size mblaze_led_pmod.elf  |tee "mblaze_led_pmod.elf.size"
   text	   data	    bss	    dec	    hex	filename
   6164	    272	   3124	   9560	   2558	mblaze_led_pmod.elf
'Finished building: mblaze_led_pmod.elf.size'
' '
21:56:25 **** Incremental Build of configuration Debug for project mblaze_led_pmod ****
make all 
make: Nothing to be done for 'all'.
21:58:30 **** Auto Build of configuration Debug for project mblaze_led_pmod ****
make all 
'Building file: ../src/main.c'
'Invoking: MicroBlaze gcc compiler'
mb-gcc -Wall -O0 -g3 -c -fmessage-length=0 -MT"src/main.o" -I../../mblaze_led_pmod_bsp/microblaze_0/include -mlittle-endian -mcpu=v11.0 -mxl-soft-mul -Wl,--no-relax -ffunction-sections -fdata-sections -MMD -MP -MF"src/main.d" -MT"src/main.o" -o "src/main.o" "../src/main.c"
'Finished building: ../src/main.c'
' '
'Building target: mblaze_led_pmod.elf'
'Invoking: MicroBlaze gcc linker'
mb-gcc -Wl,-T -Wl,../src/lscript.ld -L../../mblaze_led_pmod_bsp/microblaze_0/lib -mlittle-endian -mcpu=v11.0 -mxl-soft-mul -Wl,--no-relax -Wl,--gc-sections -o "mblaze_led_pmod.elf"  ./src/main.o   -Wl,--start-group,-lxil,-lgcc,-lc,--end-group
'Finished building target: mblaze_led_pmod.elf'
' '
'Invoking: MicroBlaze Print Size'
mb-size mblaze_led_pmod.elf  |tee "mblaze_led_pmod.elf.size"
   text	   data	    bss	    dec	    hex	filename
   6168	    272	   3120	   9560	   2558	mblaze_led_pmod.elf
'Finished building: mblaze_led_pmod.elf.size'
' '
21:59:01 **** Incremental Build of configuration Debug for project mblaze_led_pmod ****
make all 
make: Nothing to be done for 'all'.
21:59:48 **** Auto Build of configuration Debug for project mblaze_led_pmod ****
make all 
'Building file: ../src/main.c'
'Invoking: MicroBlaze gcc compiler'
mb-gcc -Wall -O0 -g3 -c -fmessage-length=0 -MT"src/main.o" -I../../mblaze_led_pmod_bsp/microblaze_0/include -mlittle-endian -mcpu=v11.0 -mxl-soft-mul -Wl,--no-relax -ffunction-sections -fdata-sections -MMD -MP -MF"src/main.d" -MT"src/main.o" -o "src/main.o" "../src/main.c"
'Finished building: ../src/main.c'
' '
'Building target: mblaze_led_pmod.elf'
'Invoking: MicroBlaze gcc linker'
mb-gcc -Wl,-T -Wl,../src/lscript.ld -L../../mblaze_led_pmod_bsp/microblaze_0/lib -mlittle-endian -mcpu=v11.0 -mxl-soft-mul -Wl,--no-relax -Wl,--gc-sections -o "mblaze_led_pmod.elf"  ./src/main.o   -Wl,--start-group,-lxil,-lgcc,-lc,--end-group
'Finished building target: mblaze_led_pmod.elf'
' '
'Invoking: MicroBlaze Print Size'
mb-size mblaze_led_pmod.elf  |tee "mblaze_led_pmod.elf.size"
   text	   data	    bss	    dec	    hex	filename
   6168	    272	   3120	   9560	   2558	mblaze_led_pmod.elf
'Finished building: mblaze_led_pmod.elf.size'
' '
22:00:45 **** Auto Build of configuration Debug for project mblaze_led_pmod ****
make all 
'Building file: ../src/main.c'
'Invoking: MicroBlaze gcc compiler'
mb-gcc -Wall -O0 -g3 -c -fmessage-length=0 -MT"src/main.o" -I../../mblaze_led_pmod_bsp/microblaze_0/include -mlittle-endian -mcpu=v11.0 -mxl-soft-mul -Wl,--no-relax -ffunction-sections -fdata-sections -MMD -MP -MF"src/main.d" -MT"src/main.o" -o "src/main.o" "../src/main.c"
'Finished building: ../src/main.c'
' '
'Building target: mblaze_led_pmod.elf'
'Invoking: MicroBlaze gcc linker'
mb-gcc -Wl,-T -Wl,../src/lscript.ld -L../../mblaze_led_pmod_bsp/microblaze_0/lib -mlittle-endian -mcpu=v11.0 -mxl-soft-mul -Wl,--no-relax -Wl,--gc-sections -o "mblaze_led_pmod.elf"  ./src/main.o   -Wl,--start-group,-lxil,-lgcc,-lc,--end-group
'Finished building target: mblaze_led_pmod.elf'
' '
'Invoking: MicroBlaze Print Size'
mb-size mblaze_led_pmod.elf  |tee "mblaze_led_pmod.elf.size"
   text	   data	    bss	    dec	    hex	filename
   6168	    272	   3120	   9560	   2558	mblaze_led_pmod.elf
'Finished building: mblaze_led_pmod.elf.size'
' '
22:04:52 **** Auto Build of configuration Debug for project mblaze_led_pmod ****
make all 
make: Nothing to be done for 'all'.
